answers.txt

Part 1: GitLab tutorials
10/18/2023

Section 1: Main

1.1.1:
git commit
git commit

1.1.2
git branch bugFix
git checkout bugFix

1.1.3
git branch bugFix
git checkout bugFix
git commit
git checkout main
git commit
git merge bugFix

1.1.4
git branch bugFix
git checkout bugFix
git commit
git checkout main
git commit
git checkout bugFix
git rebase main

Section 2: Remotes, Push & Pull

1.2.1
git clone

1.2.2
git commit
git checkout o/main
git commit

1.2.3
git fetch

1.2.4
git pull

1.2.5
git clone
git fakeTeamwork
git fakeTeamwork
git commit
git pull

1.2.6
git commit
git commit
git push

1.2.7
git clone
git fakeTeamwork
git commit
git pull --rebase
git push

1.2.8
git branch feature
git checkout feature
git push
git checkout main
git reset --hard o/main
git checkout feature

Part 2: Visualizing Git
10/18/23

git log
> e137e9b first commit
git commit
git commit
git commit -m="third"
git branch dev
git commit -m="commit master"
git checkout dev
git commit
git commit
git commit
git log
> 0de1301 (no message)> 09c0f67 (no message)> 0cb491d (no message)> db33111 third> fd4fc4f (no message)> aeffbc7 (no message)> e137e9b first commit
git branch newFeature
git merge master
git commit

Part 3: Other tutorial
10/19/23

3.1
Followed tutorial: Writing mathematical expressions

This sentence uses `$` delimiters to show math inline:  $\sqrt{3x-1}+(1+x)^2$
This sentence uses $\` and \`$ delimiters to show math inline:  $`\sqrt{3x-1}+(1+x)^2`$
**The Cauchy-Schwarz Inequality**
$$\left( \sum_{k=1}^n a_k b_k \right)^2 \leq \left( \sum_{k=1}^n a_k^2 \right) \left( \sum_{k=1}^n b_k^2 \right)$$
**The Cauchy-Schwarz Inequality**

```math
\left( \sum_{k=1}^n a_k b_k \right)^2 \leq \left( \sum_{k=1}^n a_k^2 \right) \left( \sum_{k=1}^n b_k^2 \right)
```
This expression uses `\$` to display a dollar sign: $\sqrt{\$4}$
To split <span>$</span>100 in half, we calculate $100/2$

Part 4: SetUp

4.1 Installed GitHub Desktop client - check
4.2 Created GitHub account, mm22dd - check
4.3 Forked repository to account (assignment2 -> assignment3) - check
4.4 Cloned repository to local machine - check
4.5 Read and familiarized myself with code - check

Part 5: Using Git

5.1 Modified readme.md file
5.2 Committed changes to repository
5.3 Used command git status on console.

miguelmachado@Miguels-iMac docs % git add status.txt
miguelmachado@Miguels-iMac docs % cd .. 
miguelmachado@Miguels-iMac assignment3 % git commit
[master ac7a7c5] Add status.txt file The status.txt file contains the status of the previous commit.
 1 file changed, 3 insertions(+)
 create mode 100644 docs/status.txt
miguelmachado@Miguels-iMac assignment3 %


1.
miguelmachado@Miguels-iMac docs % git add status.txt
miguelmachado@Miguels-iMac docs % cd .. 
miguelmachado@Miguels-iMac assignment3 % git commit
[master ac7a7c5] Add status.txt file The status.txt file contains the status of the previous commit.
 1 file changed, 3 insertions(+)
 create mode 100644 docs/status.txt
miguelmachado@Miguels-iMac assignment3 %

2. 3 commits, 2 from me and 1 from estaban parra: used 'git log'
3. Fri Oct 20 17:00:32 2023 -0400, 'git log README.md"
4. Branches are used because a: there is no storage/memory overhead and you can easily divide work. b: branches allow you to have separete workflows without merging until you're ready to.
5.  git log will show you a lengthy history of changes and updates to repository whereas git status will condense the information into a single message that displays the state of the directory.
6. git log "Vehicle.h"
7. git grep 'file'
8. First, encapsulation is a principle wherein data and methods that work on this data (nouns and verbs) are kept in a single entity (like a Class). Inheritance is a practice where classes can take on properties of a parent class (inherit) in order to reduce the total amount of code). Finally, polymorphism is the practice of giving a method the option to be performed in multiple different ways. For example, the children of parent classes could have unique additions to a method they inherited from the parent.

9. The main difference is that developers have access to 2 repositories under Integration manager workflow and they can push to their own public repository from the private one. 
10. A larger team would benefit from using the D&L workflow over the centralized workflow because there is a mediator between the developers and the blessed repository to keep things organized, solves conflicts and makes all of the necessary merging. This method would be a lot less chaotic and controlled.

